tag err Prayer HTTP Error 504: Gateway Timeout
993 distinct sheets across 46 tags
890 sheets with usable free-text
  find-refs 30/890  (distinct failures so far: 188)
  find-refs 60/890  (distinct failures so far: 322)
  find-refs 90/890  (distinct failures so far: 444)
  find-refs 120/890  (distinct failures so far: 536)
  find-refs 150/890  (distinct failures so far: 633)
  find-refs 180/890  (distinct failures so far: 707)
  find-refs 210/890  (distinct failures so far: 827)
  find-refs 240/890  (distinct failures so far: 917)
  find-refs 270/890  (distinct failures so far: 1012)
  find-refs 300/890  (distinct failures so far: 1110)
  find-refs 330/890  (distinct failures so far: 1197)
  find-refs 360/890  (distinct failures so far: 1266)
  find-refs 390/890  (distinct failures so far: 1382)
  find-refs 420/890  (distinct failures so far: 1487)
  find-refs 450/890  (distinct failures so far: 1585)
  find-refs 480/890  (distinct failures so far: 1677)
  find-refs 510/890  (distinct failures so far: 1755)
  find-refs 540/890  (distinct failures so far: 1842)
  find-refs 570/890  (distinct failures so far: 1955)
  find-refs 600/890  (distinct failures so far: 2050)
  find-refs 630/890  (distinct failures so far: 2129)
  find-refs 660/890  (distinct failures so far: 2209)
  find-refs 690/890  (distinct failures so far: 2342)
  find-refs 720/890  (distinct failures so far: 2418)
  find-refs 750/890  (distinct failures so far: 2493)
  find-refs 780/890  (distinct failures so far: 2614)
  find-refs 810/890  (distinct failures so far: 2690)
  find-refs 840/890  (distinct failures so far: 2744)
  find-refs 870/890  (distinct failures so far: 2790)

DONE: 2863 distinct EN failures; 2322 plausible candidates for labeling
